AR bai4_1 behavior "D:/WorkSpace/Learning/VHDL/Bai tap/Code/bai4_1.vhd" sub00/vhpl01 1419571838
EN bai4_1 NULL "D:/WorkSpace/Learning/VHDL/Bai tap/Code/bai4_1.vhd" sub00/vhpl00 1419571837
EN bai4_3 NULL "D:/WorkSpace/Learning/VHDL/Bai tap/Code/bai4_3.vhd" sub00/vhpl02 1419572240
AR bai4_3 behavior "D:/WorkSpace/Learning/VHDL/Bai tap/Code/bai4_3.vhd" sub00/vhpl03 1419572241
