AR bai8_2 behavior "D:/WorkSpace/Learning/VHDL/Bai tap/Code/bai8_2.vhd" sub00/vhpl03 1419578667
AR bai8_1 behavior "D:/WorkSpace/Learning/VHDL/Bai tap/Code/bai8_1.vhd" sub00/vhpl01 1419577965
EN bai8_1 NULL "D:/WorkSpace/Learning/VHDL/Bai tap/Code/bai8_1.vhd" sub00/vhpl00 1419577964
EN bai8_2 NULL "D:/WorkSpace/Learning/VHDL/Bai tap/Code/bai8_2.vhd" sub00/vhpl02 1419578666
