AR bai5_3 behavior "D:/WorkSpace/Learning/VHDL/Bai tap/Code/bai5_3.vhd" sub00/vhpl07 1419571482
EN bai5_1 NULL "D:/WorkSpace/Learning/VHDL/Bai tap/Code/bai5_1.vhd" sub00/vhpl00 1419570544
EN bai5_2 NULL "D:/WorkSpace/Learning/VHDL/Bai tap/Code/bai5_2.vhd" sub00/vhpl04 1419571307
EN bai5_3 NULL "D:/WorkSpace/Learning/VHDL/Bai tap/Code/bai5_3.vhd" sub00/vhpl06 1419571481
AR bai5_2 behavior "D:/WorkSpace/Learning/VHDL/Bai tap/Code/bai5_2.vhd" sub00/vhpl05 1419571308
AR bai5_2_sub behavior "D:/WorkSpace/Learning/VHDL/Bai tap/Code/bai5_2_sub.vhd" sub00/vhpl03 1419571306
AR bai5_1 behavior "D:/WorkSpace/Learning/VHDL/Bai tap/Code/bai5_1.vhd" sub00/vhpl01 1419570545
EN bai5_2_sub NULL "D:/WorkSpace/Learning/VHDL/Bai tap/Code/bai5_2_sub.vhd" sub00/vhpl02 1419571305
