AR bai7_1 behavioral "D:/WorkSpace/Learning/VHDL/Bai tap/Code/bai7_1.vhd" sub00/vhpl01 1419579559
AR bai7_7 behavioral "D:/WorkSpace/Learning/VHDL/Bai tap/Code/bai7_7.vhd" sub00/vhpl03 1419580420
AR bai7_8 rtl "D:/WorkSpace/Learning/VHDL/Bai tap/Code/bai7_8.vhd" sub00/vhpl05 1419582732
EN bai7_1 NULL "D:/WorkSpace/Learning/VHDL/Bai tap/Code/bai7_1.vhd" sub00/vhpl00 1419579558
EN bai7_7 NULL "D:/WorkSpace/Learning/VHDL/Bai tap/Code/bai7_7.vhd" sub00/vhpl02 1419580419
EN bai7_8 NULL "D:/WorkSpace/Learning/VHDL/Bai tap/Code/bai7_8.vhd" sub00/vhpl04 1419582731
