AR bai6_2 behavior "D:/WorkSpace/Learning/VHDL/Bai tap/Code/bai6_2.vhd" sub00/vhpl01 1419573040
AR bai6_1b behavior "D:/WorkSpace/Learning/VHDL/Bai tap/Code/bai6_1b.vhd" sub00/vhpl05 1419576767
EN bai6_1a NULL "D:/WorkSpace/Learning/VHDL/Bai tap/Code/bai6_1a.vhd" sub00/vhpl02 1419576562
EN bai6_1b NULL "D:/WorkSpace/Learning/VHDL/Bai tap/Code/bai6_1b.vhd" sub00/vhpl04 1419576766
EN bai6_2 NULL "D:/WorkSpace/Learning/VHDL/Bai tap/Code/bai6_2.vhd" sub00/vhpl00 1419573039
AR bai6_1a behavior "D:/WorkSpace/Learning/VHDL/Bai tap/Code/bai6_1a.vhd" sub00/vhpl03 1419576563
