AR bai2_3 behavior "D:/WorkSpace/Learning/VHDL/Bai tap/Code/bai2_3/bai2_3.vhd" sub00/vhpl03 1419068375
EN bai2_3 NULL "D:/WorkSpace/Learning/VHDL/Bai tap/Code/bai2_3/bai2_3.vhd" sub00/vhpl02 1419068374
AR d_flip_flop behavior "D:/WorkSpace/Learning/VHDL/Bai tap/Code/bai2_3/d_flip_flop.vhd" sub00/vhpl01 1419068373
EN d_flip_flop NULL "D:/WorkSpace/Learning/VHDL/Bai tap/Code/bai2_3/d_flip_flop.vhd" sub00/vhpl00 1419068372
